Traceback (most recent call last):
  File "/home/raghav/crazyflie_mapping_demo/ros2_ws/build/crazyflie_examples/ament_cmake_python/crazyflie_examples/setup.py", line 1, in <module>
    from setuptools import find_packages
  File "/usr/lib/python3/dist-packages/setuptools/__init__.py", line 3, in <module>
Fatal Python error: init_import_site: Failed to import the site module
Python runtime state: initialized
Traceback (most recent call last):
  File "/usr/lib/python3.10/site.py", line 636, in <module>
    from fnmatch import fnmatchcase
  File "/usr/lib/python3.10/fnmatch.py", line 14, in <module>
    main()
  File "/usr/lib/python3.10/site.py", line 623, in main
    import re
  File "/usr/lib/python3.10/re.py", line 336, in <module>
    known_paths = addsitepackages(known_paths)
  File "/usr/lib/python3.10/site.py", line 406, in addsitepackages
    addsitedir(sitedir, known_paths)
  File "/usr/lib/python3.10/site.py", line 232, in addsitedir
    import copyreg
  File "<frozen importlib._bootstrap>", line 1027, in _find_and_load
    addpackage(sitedir, name, known_paths)
  File "/usr/lib/python3.10/site.py", line 192, in addpackage
    exec(line)
  File "<string>", line 1, in <module>
  File "<frozen importlib._bootstrap>", line 1002, in _find_and_load_unlocked
  File "<frozen importlib._bootstrap>", line 945, in _find_spec
  File "/usr/lib/python3.10/importlib/util.py", line 14, in <module>
  File "<frozen importlib._bootstrap_external>", line 1439, in find_spec
    from contextlib import contextmanager
  File "/usr/lib/python3.10/contextlib.py", line 5, in <module>
  File "<frozen importlib._bootstrap_external>", line 1411, in _get_spec
  File "<frozen importlib._bootstrap_external>", line 1572, in find_spec
    from collections import deque
  File "/usr/lib/python3.10/collections/__init__.py", line 36, in <module>
  File "<frozen importlib._bootstrap_external>", line 128, in _path_join
KeyboardInterrupt
    from operator import eq as _eq
  File "/usr/lib/python3.10/operator.py", line 408, in <module>
    from _operator import *
KeyboardInterrupt
gmake[2]: *** [CMakeFiles/ament_cmake_python_build_crazyflie_examples_scripts.dir/build.make:70: CMakeFiles/ament_cmake_python_build_crazyflie_examples_scripts] Interrupt
gmake[1]: *** [CMakeFiles/Makefile2:221: CMakeFiles/ament_cmake_python_build_crazyflie_examples_scripts.dir/all] Interrupt
gmake[2]: *** [CMakeFiles/ament_cmake_python_build_crazyflie_examples_egg.dir/build.make:70: CMakeFiles/ament_cmake_python_build_crazyflie_examples_egg] Interrupt
gmake[1]: *** [CMakeFiles/Makefile2:194: CMakeFiles/ament_cmake_python_build_crazyflie_examples_egg.dir/all] Interrupt
gmake: *** [Makefile:146: all] Interrupt
