[0.030s] Invoking command in '/home/raghav/crazyflie_mapping_demo/ros2_ws/build/crazyflie_examples': AMENT_PREFIX_PATH=/home/raghav/crazyflie_mapping_demo/ros2_ws/install/crazyflie_py:/home/raghav/crazyflie_mapping_demo/ros2_ws/install/crazyflie_ros2_multiranger_bringup:/home/raghav/crazyflie_mapping_demo/ros2_ws/install/ros_gz_crazyflie_bringup:/home/raghav/crazyflie_mapping_demo/ros2_ws/install/ros_gz_crazyflie_gazebo:/home/raghav/crazyflie_mapping_demo/ros2_ws/install/ros_gz_crazyflie_control:/home/raghav/crazyflie_mapping_demo/ros2_ws/install/crazyflie_sim:/home/raghav/crazyflie_mapping_demo/ros2_ws/install/crazyflie_ros2_multiranger_wall_following:/home/raghav/crazyflie_mapping_demo/ros2_ws/install/crazyflie_ros2_multiranger_simple_mapper:/home/raghav/crazyflie_mapping_demo/ros2_ws/install/crazyflie_examples:/home/raghav/crazyflie_mapping_demo/ros2_ws/install/crazyflie:/home/raghav/crazyflie_mapping_demo/ros2_ws/install/crazyflie_interfaces:/opt/ros/humble CMAKE_PREFIX_PATH=/home/raghav/crazyflie_mapping_demo/ros2_ws/install/crazyflie_interfaces:/home/raghav/crazyflie_mapping_demo/ros2_ws/install/crazyflie_ros2_multiranger_bringup:/home/raghav/crazyflie_mapping_demo/ros2_ws/install/ros_gz_crazyflie_bringup:/home/raghav/crazyflie_mapping_demo/ros2_ws/install/ros_gz_crazyflie_gazebo:/home/raghav/crazyflie_mapping_demo/ros2_ws/install/crazyflie_sim:/home/raghav/crazyflie_mapping_demo/ros2_ws/install/crazyflie_examples:/home/raghav/crazyflie_mapping_demo/ros2_ws/install/crazyflie:/home/raghav/crazyflie_mapping_demo/ros2_ws/install/ros_gz_crazyflie_control:/home/raghav/crazyflie_mapping_demo/ros2_ws/install/crazyflie_ros2_multiranger_wall_following:/home/raghav/crazyflie_mapping_demo/ros2_ws/install/crazyflie_ros2_multiranger_simple_mapper:/home/raghav/crazyflie_mapping_demo/ros2_ws/install/crazyflie_py:/opt/ros/humble PYTHONPATH=/home/raghav/crazyflie_mapping_demo/ros2_ws/install/crazyflie_py/lib/python3.10/site-packages:/home/raghav/crazyflie_mapping_demo/ros2_ws/install/ros_gz_crazyflie_control/lib/python3.10/site-packages:/home/raghav/crazyflie_mapping_demo/ros2_ws/install/crazyflie_sim/local/lib/python3.10/dist-packages:/home/raghav/crazyflie_mapping_demo/ros2_ws/install/crazyflie_ros2_multiranger_wall_following/lib/python3.10/site-packages:/home/raghav/crazyflie_mapping_demo/ros2_ws/install/crazyflie_ros2_multiranger_simple_mapper/lib/python3.10/site-packages:/home/raghav/crazyflie_mapping_demo/ros2_ws/install/crazyflie_examples/local/lib/python3.10/dist-packages:/home/raghav/crazyflie_mapping_demo/ros2_ws/install/crazyflie_interfaces/local/lib/python3.10/dist-packages:/opt/ros/humble/lib/python3.10/site-packages:/opt/ros/humble/local/lib/python3.10/dist-packages /usr/bin/cmake --build /home/raghav/crazyflie_mapping_demo/ros2_ws/build/crazyflie_examples -- -j20 -l20
[0.154s] Built target ament_cmake_python_copy_crazyflie_examples
[0.161s] Built target ament_cmake_python_copy_crazyflie_examples_setup
[0.226s] Traceback (most recent call last):
[0.227s]   File "/home/raghav/crazyflie_mapping_demo/ros2_ws/build/crazyflie_examples/ament_cmake_python/crazyflie_examples/setup.py", line 1, in <module>
[0.227s]     from setuptools import find_packages
[0.227s]   File "/usr/lib/python3/dist-packages/setuptools/__init__.py", line 3, in <module>
[0.227s] Fatal Python error: init_import_site: Failed to import the site module
[0.227s] Python runtime state: initialized
[0.227s] Traceback (most recent call last):
[0.227s]   File "/usr/lib/python3.10/site.py", line 636, in <module>
[0.235s]     from fnmatch import fnmatchcase
[0.235s]   File "/usr/lib/python3.10/fnmatch.py", line 14, in <module>
[0.235s]     main()
[0.235s]   File "/usr/lib/python3.10/site.py", line 623, in main
[0.235s]     import re
[0.235s]   File "/usr/lib/python3.10/re.py", line 336, in <module>
[0.236s]     known_paths = addsitepackages(known_paths)
[0.236s]   File "/usr/lib/python3.10/site.py", line 406, in addsitepackages
[0.236s]     addsitedir(sitedir, known_paths)
[0.236s]   File "/usr/lib/python3.10/site.py", line 232, in addsitedir
[0.236s]     import copyreg
[0.236s]   File "<frozen importlib._bootstrap>", line 1027, in _find_and_load
[0.236s]     addpackage(sitedir, name, known_paths)
[0.237s]   File "/usr/lib/python3.10/site.py", line 192, in addpackage
[0.237s]     exec(line)
[0.237s]   File "<string>", line 1, in <module>
[0.237s]   File "<frozen importlib._bootstrap>", line 1002, in _find_and_load_unlocked
[0.237s]   File "<frozen importlib._bootstrap>", line 945, in _find_spec
[0.237s]   File "/usr/lib/python3.10/importlib/util.py", line 14, in <module>
[0.237s]   File "<frozen importlib._bootstrap_external>", line 1439, in find_spec
[0.238s]     from contextlib import contextmanager
[0.238s]   File "/usr/lib/python3.10/contextlib.py", line 5, in <module>
[0.238s]   File "<frozen importlib._bootstrap_external>", line 1411, in _get_spec
[0.238s]   File "<frozen importlib._bootstrap_external>", line 1572, in find_spec
[0.238s]     from collections import deque
[0.238s]   File "/usr/lib/python3.10/collections/__init__.py", line 36, in <module>
[0.238s]   File "<frozen importlib._bootstrap_external>", line 128, in _path_join
[0.238s] KeyboardInterrupt
[0.239s]     from operator import eq as _eq
[0.239s]   File "/usr/lib/python3.10/operator.py", line 408, in <module>
[0.239s]     from _operator import *
[0.239s] KeyboardInterrupt
[0.240s] gmake[2]: *** [CMakeFiles/ament_cmake_python_build_crazyflie_examples_scripts.dir/build.make:70: CMakeFiles/ament_cmake_python_build_crazyflie_examples_scripts] Interrupt
[0.241s] gmake[1]: *** [CMakeFiles/Makefile2:221: CMakeFiles/ament_cmake_python_build_crazyflie_examples_scripts.dir/all] Interrupt
[0.249s] gmake[2]: *** [CMakeFiles/ament_cmake_python_build_crazyflie_examples_egg.dir/build.make:70: CMakeFiles/ament_cmake_python_build_crazyflie_examples_egg] Interrupt
[0.249s] gmake[1]: *** [CMakeFiles/Makefile2:194: CMakeFiles/ament_cmake_python_build_crazyflie_examples_egg.dir/all] Interrupt
[0.249s] gmake: *** [Makefile:146: all] Interrupt
[0.252s] Invoked command in '/home/raghav/crazyflie_mapping_demo/ros2_ws/build/crazyflie_examples' returned '-2': AMENT_PREFIX_PATH=/home/raghav/crazyflie_mapping_demo/ros2_ws/install/crazyflie_py:/home/raghav/crazyflie_mapping_demo/ros2_ws/install/crazyflie_ros2_multiranger_bringup:/home/raghav/crazyflie_mapping_demo/ros2_ws/install/ros_gz_crazyflie_bringup:/home/raghav/crazyflie_mapping_demo/ros2_ws/install/ros_gz_crazyflie_gazebo:/home/raghav/crazyflie_mapping_demo/ros2_ws/install/ros_gz_crazyflie_control:/home/raghav/crazyflie_mapping_demo/ros2_ws/install/crazyflie_sim:/home/raghav/crazyflie_mapping_demo/ros2_ws/install/crazyflie_ros2_multiranger_wall_following:/home/raghav/crazyflie_mapping_demo/ros2_ws/install/crazyflie_ros2_multiranger_simple_mapper:/home/raghav/crazyflie_mapping_demo/ros2_ws/install/crazyflie_examples:/home/raghav/crazyflie_mapping_demo/ros2_ws/install/crazyflie:/home/raghav/crazyflie_mapping_demo/ros2_ws/install/crazyflie_interfaces:/opt/ros/humble CMAKE_PREFIX_PATH=/home/raghav/crazyflie_mapping_demo/ros2_ws/install/crazyflie_interfaces:/home/raghav/crazyflie_mapping_demo/ros2_ws/install/crazyflie_ros2_multiranger_bringup:/home/raghav/crazyflie_mapping_demo/ros2_ws/install/ros_gz_crazyflie_bringup:/home/raghav/crazyflie_mapping_demo/ros2_ws/install/ros_gz_crazyflie_gazebo:/home/raghav/crazyflie_mapping_demo/ros2_ws/install/crazyflie_sim:/home/raghav/crazyflie_mapping_demo/ros2_ws/install/crazyflie_examples:/home/raghav/crazyflie_mapping_demo/ros2_ws/install/crazyflie:/home/raghav/crazyflie_mapping_demo/ros2_ws/install/ros_gz_crazyflie_control:/home/raghav/crazyflie_mapping_demo/ros2_ws/install/crazyflie_ros2_multiranger_wall_following:/home/raghav/crazyflie_mapping_demo/ros2_ws/install/crazyflie_ros2_multiranger_simple_mapper:/home/raghav/crazyflie_mapping_demo/ros2_ws/install/crazyflie_py:/opt/ros/humble PYTHONPATH=/home/raghav/crazyflie_mapping_demo/ros2_ws/install/crazyflie_py/lib/python3.10/site-packages:/home/raghav/crazyflie_mapping_demo/ros2_ws/install/ros_gz_crazyflie_control/lib/python3.10/site-packages:/home/raghav/crazyflie_mapping_demo/ros2_ws/install/crazyflie_sim/local/lib/python3.10/dist-packages:/home/raghav/crazyflie_mapping_demo/ros2_ws/install/crazyflie_ros2_multiranger_wall_following/lib/python3.10/site-packages:/home/raghav/crazyflie_mapping_demo/ros2_ws/install/crazyflie_ros2_multiranger_simple_mapper/lib/python3.10/site-packages:/home/raghav/crazyflie_mapping_demo/ros2_ws/install/crazyflie_examples/local/lib/python3.10/dist-packages:/home/raghav/crazyflie_mapping_demo/ros2_ws/install/crazyflie_interfaces/local/lib/python3.10/dist-packages:/opt/ros/humble/lib/python3.10/site-packages:/opt/ros/humble/local/lib/python3.10/dist-packages /usr/bin/cmake --build /home/raghav/crazyflie_mapping_demo/ros2_ws/build/crazyflie_examples -- -j20 -l20
