[0.183s] Invoking command in '/home/raghav/crazyflie_mapping_demo/ros2_ws/build/crazyflie': CMAKE_PREFIX_PATH=/home/raghav/crazyflie_mapping_demo/ros2_ws/install/crazyflie_interfaces:/home/raghav/crazyflie_mapping_demo/ros2_ws/install/crazyflie_ros2_multiranger_bringup:/home/raghav/crazyflie_mapping_demo/ros2_ws/install/ros_gz_crazyflie_bringup:/home/raghav/crazyflie_mapping_demo/ros2_ws/install/ros_gz_crazyflie_gazebo:/home/raghav/crazyflie_mapping_demo/ros2_ws/install/crazyflie_sim:/home/raghav/crazyflie_mapping_demo/ros2_ws/install/crazyflie_examples:/home/raghav/crazyflie_mapping_demo/ros2_ws/install/crazyflie:/home/raghav/crazyflie_mapping_demo/ros2_ws/install/ros_gz_crazyflie_control:/home/raghav/crazyflie_mapping_demo/ros2_ws/install/crazyflie_ros2_multiranger_wall_following:/home/raghav/crazyflie_mapping_demo/ros2_ws/install/crazyflie_ros2_multiranger_simple_mapper:/home/raghav/crazyflie_mapping_demo/ros2_ws/install/crazyflie_py:/opt/ros/humble /usr/bin/cmake --build /home/raghav/crazyflie_mapping_demo/ros2_ws/build/crazyflie -- -j20 -l20
[0.258s] [ 15%] Built target teleop
[0.258s] [ 27%] Built target crazyflieLinkCpp
[0.276s] [ 35%] Built target crazyflie_cpp
[0.322s] [ 45%] Built target comCheck
[0.323s] [ 45%] Built target version
[0.324s] [ 50%] Built target scan
[0.324s] [ 60%] Built target listLogVariables
[0.324s] [ 60%] Built target listParams
[0.324s] [ 65%] Built target battery
[0.325s] [ 70%] Built target listMemories
[0.325s] [ 75%] Built target crazyflie_server
[0.326s] [ 80%] Built target setParam
[0.327s] [ 87%] Built target log
[0.328s] [ 90%] Built target downloadUSDLogfile
[0.328s] [ 97%] Built target console
[0.328s] [100%] Built target reboot
[0.345s] Invoked command in '/home/raghav/crazyflie_mapping_demo/ros2_ws/build/crazyflie' returned '0': CMAKE_PREFIX_PATH=/home/raghav/crazyflie_mapping_demo/ros2_ws/install/crazyflie_interfaces:/home/raghav/crazyflie_mapping_demo/ros2_ws/install/crazyflie_ros2_multiranger_bringup:/home/raghav/crazyflie_mapping_demo/ros2_ws/install/ros_gz_crazyflie_bringup:/home/raghav/crazyflie_mapping_demo/ros2_ws/install/ros_gz_crazyflie_gazebo:/home/raghav/crazyflie_mapping_demo/ros2_ws/install/crazyflie_sim:/home/raghav/crazyflie_mapping_demo/ros2_ws/install/crazyflie_examples:/home/raghav/crazyflie_mapping_demo/ros2_ws/install/crazyflie:/home/raghav/crazyflie_mapping_demo/ros2_ws/install/ros_gz_crazyflie_control:/home/raghav/crazyflie_mapping_demo/ros2_ws/install/crazyflie_ros2_multiranger_wall_following:/home/raghav/crazyflie_mapping_demo/ros2_ws/install/crazyflie_ros2_multiranger_simple_mapper:/home/raghav/crazyflie_mapping_demo/ros2_ws/install/crazyflie_py:/opt/ros/humble /usr/bin/cmake --build /home/raghav/crazyflie_mapping_demo/ros2_ws/build/crazyflie -- -j20 -l20
[0.346s] Invoking command in '/home/raghav/crazyflie_mapping_demo/ros2_ws/build/crazyflie': CMAKE_PREFIX_PATH=/home/raghav/crazyflie_mapping_demo/ros2_ws/install/crazyflie_interfaces:/home/raghav/crazyflie_mapping_demo/ros2_ws/install/crazyflie_ros2_multiranger_bringup:/home/raghav/crazyflie_mapping_demo/ros2_ws/install/ros_gz_crazyflie_bringup:/home/raghav/crazyflie_mapping_demo/ros2_ws/install/ros_gz_crazyflie_gazebo:/home/raghav/crazyflie_mapping_demo/ros2_ws/install/crazyflie_sim:/home/raghav/crazyflie_mapping_demo/ros2_ws/install/crazyflie_examples:/home/raghav/crazyflie_mapping_demo/ros2_ws/install/crazyflie:/home/raghav/crazyflie_mapping_demo/ros2_ws/install/ros_gz_crazyflie_control:/home/raghav/crazyflie_mapping_demo/ros2_ws/install/crazyflie_ros2_multiranger_wall_following:/home/raghav/crazyflie_mapping_demo/ros2_ws/install/crazyflie_ros2_multiranger_simple_mapper:/home/raghav/crazyflie_mapping_demo/ros2_ws/install/crazyflie_py:/opt/ros/humble /usr/bin/cmake --install /home/raghav/crazyflie_mapping_demo/ros2_ws/build/crazyflie
[0.356s] -- Install configuration: ""
[0.356s] -- Up-to-date: /home/raghav/crazyflie_mapping_demo/ros2_ws/install/crazyflie/lib/crazyflie/comCheck
[0.356s] -- Up-to-date: /home/raghav/crazyflie_mapping_demo/ros2_ws/install/crazyflie/lib/crazyflie/scan
[0.356s] -- Up-to-date: /home/raghav/crazyflie_mapping_demo/ros2_ws/install/crazyflie/lib/crazyflie/listParams
[0.356s] -- Up-to-date: /home/raghav/crazyflie_mapping_demo/ros2_ws/install/crazyflie/lib/crazyflie/listLogVariables
[0.356s] -- Up-to-date: /home/raghav/crazyflie_mapping_demo/ros2_ws/install/crazyflie/lib/crazyflie/listMemories
[0.357s] -- Up-to-date: /home/raghav/crazyflie_mapping_demo/ros2_ws/install/crazyflie/lib/crazyflie/reboot
[0.357s] -- Up-to-date: /home/raghav/crazyflie_mapping_demo/ros2_ws/install/crazyflie/lib/crazyflie/battery
[0.357s] -- Up-to-date: /home/raghav/crazyflie_mapping_demo/ros2_ws/install/crazyflie/lib/crazyflie/version
[0.357s] -- Up-to-date: /home/raghav/crazyflie_mapping_demo/ros2_ws/install/crazyflie/lib/crazyflie/console
[0.357s] -- Up-to-date: /home/raghav/crazyflie_mapping_demo/ros2_ws/install/crazyflie/lib/crazyflie/log
[0.358s] -- Up-to-date: /home/raghav/crazyflie_mapping_demo/ros2_ws/install/crazyflie/lib/crazyflie/setParam
[0.358s] -- Up-to-date: /home/raghav/crazyflie_mapping_demo/ros2_ws/install/crazyflie/lib/crazyflie/downloadUSDLogfile
[0.358s] -- Up-to-date: /home/raghav/crazyflie_mapping_demo/ros2_ws/install/crazyflie/lib/crazyflie/teleop
[0.358s] -- Up-to-date: /home/raghav/crazyflie_mapping_demo/ros2_ws/install/crazyflie/lib/crazyflie/crazyflie_server
[0.358s] -- Up-to-date: /home/raghav/crazyflie_mapping_demo/ros2_ws/install/crazyflie/lib/crazyflie/crazyflie_server.py
[0.359s] -- Up-to-date: /home/raghav/crazyflie_mapping_demo/ros2_ws/install/crazyflie/lib/crazyflie/chooser.py
[0.359s] -- Up-to-date: /home/raghav/crazyflie_mapping_demo/ros2_ws/install/crazyflie/lib/crazyflie/vel_mux.py
[0.359s] -- Up-to-date: /home/raghav/crazyflie_mapping_demo/ros2_ws/install/crazyflie/lib/crazyflie/cfmult.py
[0.359s] -- Up-to-date: /home/raghav/crazyflie_mapping_demo/ros2_ws/install/crazyflie/lib/crazyflie/simple_mapper_multiranger.py
[0.359s] -- Up-to-date: /home/raghav/crazyflie_mapping_demo/ros2_ws/install/crazyflie/lib/crazyflie/aideck_streamer.py
[0.359s] -- Up-to-date: /home/raghav/crazyflie_mapping_demo/ros2_ws/install/crazyflie/lib/crazyflie/gui.py
[0.359s] -- Up-to-date: /home/raghav/crazyflie_mapping_demo/ros2_ws/install/crazyflie/lib/crazyflie/flash.py
[0.359s] -- Up-to-date: /home/raghav/crazyflie_mapping_demo/ros2_ws/install/crazyflie/share/crazyflie//launch
[0.360s] -- Up-to-date: /home/raghav/crazyflie_mapping_demo/ros2_ws/install/crazyflie/share/crazyflie//launch/launch_teleop2.py
[0.360s] -- Up-to-date: /home/raghav/crazyflie_mapping_demo/ros2_ws/install/crazyflie/share/crazyflie//launch/teleop_launch.py
[0.360s] -- Up-to-date: /home/raghav/crazyflie_mapping_demo/ros2_ws/install/crazyflie/share/crazyflie//launch/launch.py
[0.360s] -- Up-to-date: /home/raghav/crazyflie_mapping_demo/ros2_ws/install/crazyflie/share/crazyflie//config
[0.360s] -- Up-to-date: /home/raghav/crazyflie_mapping_demo/ros2_ws/install/crazyflie/share/crazyflie//config/config.rviz
[0.360s] -- Up-to-date: /home/raghav/crazyflie_mapping_demo/ros2_ws/install/crazyflie/share/crazyflie//config/crazyflies.yaml
[0.360s] -- Up-to-date: /home/raghav/crazyflie_mapping_demo/ros2_ws/install/crazyflie/share/crazyflie//config/aideck_streamer.yaml
[0.361s] -- Up-to-date: /home/raghav/crazyflie_mapping_demo/ros2_ws/install/crazyflie/share/crazyflie//config/motion_capture.yaml
[0.361s] -- Up-to-date: /home/raghav/crazyflie_mapping_demo/ros2_ws/install/crazyflie/share/crazyflie//config/server.yaml
[0.362s] -- Up-to-date: /home/raghav/crazyflie_mapping_demo/ros2_ws/install/crazyflie/share/crazyflie//config/teleop.yaml
[0.362s] -- Up-to-date: /home/raghav/crazyflie_mapping_demo/ros2_ws/install/crazyflie/share/crazyflie//urdf
[0.363s] -- Up-to-date: /home/raghav/crazyflie_mapping_demo/ros2_ws/install/crazyflie/share/crazyflie//urdf/crazyflie_description.urdf
[0.363s] -- Up-to-date: /home/raghav/crazyflie_mapping_demo/ros2_ws/install/crazyflie/share/crazyflie//urdf/cf2_assembly_with_props.dae
[0.363s] -- Up-to-date: /home/raghav/crazyflie_mapping_demo/ros2_ws/install/crazyflie/share/crazyflie//urdf/cf2_assembly.stl
[0.363s] -- Up-to-date: /home/raghav/crazyflie_mapping_demo/ros2_ws/install/crazyflie/share/ament_index/resource_index/package_run_dependencies/crazyflie
[0.363s] -- Up-to-date: /home/raghav/crazyflie_mapping_demo/ros2_ws/install/crazyflie/share/ament_index/resource_index/parent_prefix_path/crazyflie
[0.363s] -- Up-to-date: /home/raghav/crazyflie_mapping_demo/ros2_ws/install/crazyflie/share/crazyflie/environment/ament_prefix_path.sh
[0.363s] -- Up-to-date: /home/raghav/crazyflie_mapping_demo/ros2_ws/install/crazyflie/share/crazyflie/environment/ament_prefix_path.dsv
[0.363s] -- Up-to-date: /home/raghav/crazyflie_mapping_demo/ros2_ws/install/crazyflie/share/crazyflie/environment/path.sh
[0.363s] -- Up-to-date: /home/raghav/crazyflie_mapping_demo/ros2_ws/install/crazyflie/share/crazyflie/environment/path.dsv
[0.363s] -- Up-to-date: /home/raghav/crazyflie_mapping_demo/ros2_ws/install/crazyflie/share/crazyflie/local_setup.bash
[0.363s] -- Up-to-date: /home/raghav/crazyflie_mapping_demo/ros2_ws/install/crazyflie/share/crazyflie/local_setup.sh
[0.363s] -- Up-to-date: /home/raghav/crazyflie_mapping_demo/ros2_ws/install/crazyflie/share/crazyflie/local_setup.zsh
[0.363s] -- Up-to-date: /home/raghav/crazyflie_mapping_demo/ros2_ws/install/crazyflie/share/crazyflie/local_setup.dsv
[0.364s] -- Installing: /home/raghav/crazyflie_mapping_demo/ros2_ws/install/crazyflie/share/crazyflie/package.dsv
[0.364s] -- Up-to-date: /home/raghav/crazyflie_mapping_demo/ros2_ws/install/crazyflie/share/ament_index/resource_index/packages/crazyflie
[0.364s] -- Up-to-date: /home/raghav/crazyflie_mapping_demo/ros2_ws/install/crazyflie/share/crazyflie/cmake/crazyflieConfig.cmake
[0.364s] -- Up-to-date: /home/raghav/crazyflie_mapping_demo/ros2_ws/install/crazyflie/share/crazyflie/cmake/crazyflieConfig-version.cmake
[0.364s] -- Up-to-date: /home/raghav/crazyflie_mapping_demo/ros2_ws/install/crazyflie/share/crazyflie/package.xml
[0.364s] Invoked command in '/home/raghav/crazyflie_mapping_demo/ros2_ws/build/crazyflie' returned '0': CMAKE_PREFIX_PATH=/home/raghav/crazyflie_mapping_demo/ros2_ws/install/crazyflie_interfaces:/home/raghav/crazyflie_mapping_demo/ros2_ws/install/crazyflie_ros2_multiranger_bringup:/home/raghav/crazyflie_mapping_demo/ros2_ws/install/ros_gz_crazyflie_bringup:/home/raghav/crazyflie_mapping_demo/ros2_ws/install/ros_gz_crazyflie_gazebo:/home/raghav/crazyflie_mapping_demo/ros2_ws/install/crazyflie_sim:/home/raghav/crazyflie_mapping_demo/ros2_ws/install/crazyflie_examples:/home/raghav/crazyflie_mapping_demo/ros2_ws/install/crazyflie:/home/raghav/crazyflie_mapping_demo/ros2_ws/install/ros_gz_crazyflie_control:/home/raghav/crazyflie_mapping_demo/ros2_ws/install/crazyflie_ros2_multiranger_wall_following:/home/raghav/crazyflie_mapping_demo/ros2_ws/install/crazyflie_ros2_multiranger_simple_mapper:/home/raghav/crazyflie_mapping_demo/ros2_ws/install/crazyflie_py:/opt/ros/humble /usr/bin/cmake --install /home/raghav/crazyflie_mapping_demo/ros2_ws/build/crazyflie
