[0.705s] Invoking command in '/home/raghav/crazyflie_mapping_demo/ros2_ws/build/ros_gz_crazyflie_control': PYTHONPATH=/home/raghav/crazyflie_mapping_demo/ros2_ws/build/ros_gz_crazyflie_control/prefix_override:/usr/lib/python3/dist-packages/colcon_core/task/python/colcon_distutils_commands:/home/raghav/crazyflie_mapping_demo/ros2_ws/install/ros_gz_crazyflie_control/lib/python3.10/site-packages:${PYTHONPATH} /usr/bin/python3 -W ignore:setup.py install is deprecated -W ignore:easy_install command is deprecated setup.py develop --uninstall --editable --build-directory /home/raghav/crazyflie_mapping_demo/ros2_ws/build/ros_gz_crazyflie_control/build
[0.861s] running develop
[0.948s] Removing /home/raghav/crazyflie_mapping_demo/ros2_ws/install/ros_gz_crazyflie_control/lib/python3.10/site-packages/ros-gz-crazyflie-control.egg-link (link to .)
[0.968s] Invoked command in '/home/raghav/crazyflie_mapping_demo/ros2_ws/build/ros_gz_crazyflie_control' returned '0': PYTHONPATH=/home/raghav/crazyflie_mapping_demo/ros2_ws/build/ros_gz_crazyflie_control/prefix_override:/usr/lib/python3/dist-packages/colcon_core/task/python/colcon_distutils_commands:/home/raghav/crazyflie_mapping_demo/ros2_ws/install/ros_gz_crazyflie_control/lib/python3.10/site-packages:${PYTHONPATH} /usr/bin/python3 -W ignore:setup.py install is deprecated -W ignore:easy_install command is deprecated setup.py develop --uninstall --editable --build-directory /home/raghav/crazyflie_mapping_demo/ros2_ws/build/ros_gz_crazyflie_control/build
[0.969s] Invoking command in '/home/raghav/crazyflie_mapping_demo/ros2_ws/src/ros_gz_crazyflie/ros_gz_crazyflie_control': PYTHONPATH=/home/raghav/crazyflie_mapping_demo/ros2_ws/build/ros_gz_crazyflie_control/prefix_override:/usr/lib/python3/dist-packages/colcon_core/task/python/colcon_distutils_commands:/home/raghav/crazyflie_mapping_demo/ros2_ws/install/ros_gz_crazyflie_control/lib/python3.10/site-packages:${PYTHONPATH} /usr/bin/python3 -W ignore:setup.py install is deprecated -W ignore:easy_install command is deprecated setup.py egg_info --egg-base ../../../build/ros_gz_crazyflie_control build --build-base /home/raghav/crazyflie_mapping_demo/ros2_ws/build/ros_gz_crazyflie_control/build install --record /home/raghav/crazyflie_mapping_demo/ros2_ws/build/ros_gz_crazyflie_control/install.log --single-version-externally-managed install_data --force
[1.111s] running egg_info
[1.112s] writing ../../../build/ros_gz_crazyflie_control/ros_gz_crazyflie_control.egg-info/PKG-INFO
[1.112s] writing dependency_links to ../../../build/ros_gz_crazyflie_control/ros_gz_crazyflie_control.egg-info/dependency_links.txt
[1.112s] writing entry points to ../../../build/ros_gz_crazyflie_control/ros_gz_crazyflie_control.egg-info/entry_points.txt
[1.112s] writing requirements to ../../../build/ros_gz_crazyflie_control/ros_gz_crazyflie_control.egg-info/requires.txt
[1.112s] writing top-level names to ../../../build/ros_gz_crazyflie_control/ros_gz_crazyflie_control.egg-info/top_level.txt
[1.113s] reading manifest file '../../../build/ros_gz_crazyflie_control/ros_gz_crazyflie_control.egg-info/SOURCES.txt'
[1.113s] writing manifest file '../../../build/ros_gz_crazyflie_control/ros_gz_crazyflie_control.egg-info/SOURCES.txt'
[1.114s] running build
[1.114s] running build_py
[1.114s] creating /home/raghav/crazyflie_mapping_demo/ros2_ws/build/ros_gz_crazyflie_control/build
[1.114s] creating /home/raghav/crazyflie_mapping_demo/ros2_ws/build/ros_gz_crazyflie_control/build/lib
[1.114s] creating /home/raghav/crazyflie_mapping_demo/ros2_ws/build/ros_gz_crazyflie_control/build/lib/ros_gz_crazyflie_control
[1.114s] copying ros_gz_crazyflie_control/__init__.py -> /home/raghav/crazyflie_mapping_demo/ros2_ws/build/ros_gz_crazyflie_control/build/lib/ros_gz_crazyflie_control
[1.114s] copying ros_gz_crazyflie_control/control_services.py -> /home/raghav/crazyflie_mapping_demo/ros2_ws/build/ros_gz_crazyflie_control/build/lib/ros_gz_crazyflie_control
[1.114s] running install
[1.114s] running install_lib
[1.114s] creating /home/raghav/crazyflie_mapping_demo/ros2_ws/install/ros_gz_crazyflie_control/lib/python3.10/site-packages/ros_gz_crazyflie_control
[1.115s] copying /home/raghav/crazyflie_mapping_demo/ros2_ws/build/ros_gz_crazyflie_control/build/lib/ros_gz_crazyflie_control/__init__.py -> /home/raghav/crazyflie_mapping_demo/ros2_ws/install/ros_gz_crazyflie_control/lib/python3.10/site-packages/ros_gz_crazyflie_control
[1.115s] copying /home/raghav/crazyflie_mapping_demo/ros2_ws/build/ros_gz_crazyflie_control/build/lib/ros_gz_crazyflie_control/control_services.py -> /home/raghav/crazyflie_mapping_demo/ros2_ws/install/ros_gz_crazyflie_control/lib/python3.10/site-packages/ros_gz_crazyflie_control
[1.115s] byte-compiling /home/raghav/crazyflie_mapping_demo/ros2_ws/install/ros_gz_crazyflie_control/lib/python3.10/site-packages/ros_gz_crazyflie_control/__init__.py to __init__.cpython-310.pyc
[1.115s] byte-compiling /home/raghav/crazyflie_mapping_demo/ros2_ws/install/ros_gz_crazyflie_control/lib/python3.10/site-packages/ros_gz_crazyflie_control/control_services.py to control_services.cpython-310.pyc
[1.116s] running install_data
[1.116s] copying resource/ros_gz_crazyflie_control -> /home/raghav/crazyflie_mapping_demo/ros2_ws/install/ros_gz_crazyflie_control/share/ament_index/resource_index/packages
[1.116s] copying package.xml -> /home/raghav/crazyflie_mapping_demo/ros2_ws/install/ros_gz_crazyflie_control/share/ros_gz_crazyflie_control
[1.116s] running install_egg_info
[1.117s] Copying ../../../build/ros_gz_crazyflie_control/ros_gz_crazyflie_control.egg-info to /home/raghav/crazyflie_mapping_demo/ros2_ws/install/ros_gz_crazyflie_control/lib/python3.10/site-packages/ros_gz_crazyflie_control-0.0.0-py3.10.egg-info
[1.117s] running install_scripts
[1.132s] Installing control_services script to /home/raghav/crazyflie_mapping_demo/ros2_ws/install/ros_gz_crazyflie_control/lib/ros_gz_crazyflie_control
[1.133s] writing list of installed files to '/home/raghav/crazyflie_mapping_demo/ros2_ws/build/ros_gz_crazyflie_control/install.log'
[1.151s] Invoked command in '/home/raghav/crazyflie_mapping_demo/ros2_ws/src/ros_gz_crazyflie/ros_gz_crazyflie_control' returned '0': PYTHONPATH=/home/raghav/crazyflie_mapping_demo/ros2_ws/build/ros_gz_crazyflie_control/prefix_override:/usr/lib/python3/dist-packages/colcon_core/task/python/colcon_distutils_commands:/home/raghav/crazyflie_mapping_demo/ros2_ws/install/ros_gz_crazyflie_control/lib/python3.10/site-packages:${PYTHONPATH} /usr/bin/python3 -W ignore:setup.py install is deprecated -W ignore:easy_install command is deprecated setup.py egg_info --egg-base ../../../build/ros_gz_crazyflie_control build --build-base /home/raghav/crazyflie_mapping_demo/ros2_ws/build/ros_gz_crazyflie_control/build install --record /home/raghav/crazyflie_mapping_demo/ros2_ws/build/ros_gz_crazyflie_control/install.log --single-version-externally-managed install_data --force
