[0.692s] Invoking command in '/home/raghav/crazyflie_mapping_demo/ros2_ws/build/crazyflie_ros2_multiranger_wall_following': PYTHONPATH=/home/raghav/crazyflie_mapping_demo/ros2_ws/build/crazyflie_ros2_multiranger_wall_following/prefix_override:/usr/lib/python3/dist-packages/colcon_core/task/python/colcon_distutils_commands:/home/raghav/crazyflie_mapping_demo/ros2_ws/install/crazyflie_ros2_multiranger_wall_following/lib/python3.10/site-packages:${PYTHONPATH} /usr/bin/python3 -W ignore:setup.py install is deprecated -W ignore:easy_install command is deprecated setup.py develop --editable --build-directory /home/raghav/crazyflie_mapping_demo/ros2_ws/build/crazyflie_ros2_multiranger_wall_following/build --no-deps symlink_data
[0.842s] running develop
[0.926s] running egg_info
[0.926s] creating crazyflie_ros2_multiranger_wall_following.egg-info
[0.926s] writing crazyflie_ros2_multiranger_wall_following.egg-info/PKG-INFO
[0.926s] writing dependency_links to crazyflie_ros2_multiranger_wall_following.egg-info/dependency_links.txt
[0.926s] writing entry points to crazyflie_ros2_multiranger_wall_following.egg-info/entry_points.txt
[0.927s] writing requirements to crazyflie_ros2_multiranger_wall_following.egg-info/requires.txt
[0.927s] writing top-level names to crazyflie_ros2_multiranger_wall_following.egg-info/top_level.txt
[0.927s] writing manifest file 'crazyflie_ros2_multiranger_wall_following.egg-info/SOURCES.txt'
[0.927s] reading manifest file 'crazyflie_ros2_multiranger_wall_following.egg-info/SOURCES.txt'
[0.927s] writing manifest file 'crazyflie_ros2_multiranger_wall_following.egg-info/SOURCES.txt'
[0.928s] running build_ext
[0.928s] Creating /home/raghav/crazyflie_mapping_demo/ros2_ws/install/crazyflie_ros2_multiranger_wall_following/lib/python3.10/site-packages/crazyflie-ros2-multiranger-wall-following.egg-link (link to .)
[0.928s] Installing wall_following_multiranger script to /home/raghav/crazyflie_mapping_demo/ros2_ws/install/crazyflie_ros2_multiranger_wall_following/lib/crazyflie_ros2_multiranger_wall_following
[0.928s] 
[0.928s] Installed /home/raghav/crazyflie_mapping_demo/ros2_ws/build/crazyflie_ros2_multiranger_wall_following
[0.929s] running symlink_data
[0.929s] creating /home/raghav/crazyflie_mapping_demo/ros2_ws/install/crazyflie_ros2_multiranger_wall_following/share/ament_index
[0.929s] creating /home/raghav/crazyflie_mapping_demo/ros2_ws/install/crazyflie_ros2_multiranger_wall_following/share/ament_index/resource_index
[0.929s] creating /home/raghav/crazyflie_mapping_demo/ros2_ws/install/crazyflie_ros2_multiranger_wall_following/share/ament_index/resource_index/packages
[0.929s] symbolically linking /home/raghav/crazyflie_mapping_demo/ros2_ws/build/crazyflie_ros2_multiranger_wall_following/resource/crazyflie_ros2_multiranger_wall_following -> /home/raghav/crazyflie_mapping_demo/ros2_ws/install/crazyflie_ros2_multiranger_wall_following/share/ament_index/resource_index/packages
[0.929s] symbolically linking /home/raghav/crazyflie_mapping_demo/ros2_ws/build/crazyflie_ros2_multiranger_wall_following/package.xml -> /home/raghav/crazyflie_mapping_demo/ros2_ws/install/crazyflie_ros2_multiranger_wall_following/share/crazyflie_ros2_multiranger_wall_following
[0.962s] Invoked command in '/home/raghav/crazyflie_mapping_demo/ros2_ws/build/crazyflie_ros2_multiranger_wall_following' returned '0': PYTHONPATH=/home/raghav/crazyflie_mapping_demo/ros2_ws/build/crazyflie_ros2_multiranger_wall_following/prefix_override:/usr/lib/python3/dist-packages/colcon_core/task/python/colcon_distutils_commands:/home/raghav/crazyflie_mapping_demo/ros2_ws/install/crazyflie_ros2_multiranger_wall_following/lib/python3.10/site-packages:${PYTHONPATH} /usr/bin/python3 -W ignore:setup.py install is deprecated -W ignore:easy_install command is deprecated setup.py develop --editable --build-directory /home/raghav/crazyflie_mapping_demo/ros2_ws/build/crazyflie_ros2_multiranger_wall_following/build --no-deps symlink_data
